Going to solve:
[[0, 9, 3, 0, 0, 4, 5, 6, 0], [0, 6, 0, 0, 0, 3, 1, 4, 0], [0, 0, 4, 6, 0, 8, 3, 0, 9], [9, 8, 1, 3, 4, 5, 0, 0, 0], [3, 4, 7, 2, 8, 6, 9, 5, 1], [6, 5, 2, 0, 7, 0, 4, 8, 3], [4, 0, 6, 0, 0, 2, 8, 9, 0], [0, 0, 0, 4, 0, 0, 0, 1, 0], [0, 2, 9, 8, 0, 0, 0, 3, 4]]
Smallest mus size: 1
Doing some simple deductions: 
Setting  (1, 1) is not 3
Setting  (1, 1) is not 4
Setting  (1, 1) is not 5
Setting  (1, 1) is not 6
Setting  (1, 1) is not 9
Setting  (1, 2) is not 1
Setting  (1, 2) is not 2
Setting  (1, 2) is not 3
Setting  (1, 2) is not 4
Setting  (1, 2) is not 5
Setting  (1, 2) is not 6
Setting  (1, 2) is not 7
Setting  (1, 2) is not 8
Setting  (1, 3) is not 1
Setting  (1, 3) is not 2
Setting  (1, 3) is not 4
Setting  (1, 3) is not 5
Setting  (1, 3) is not 6
Setting  (1, 3) is not 7
Setting  (1, 3) is not 8
Setting  (1, 3) is not 9
Setting  (1, 4) is not 3
Setting  (1, 4) is not 4
Setting  (1, 4) is not 5
Setting  (1, 4) is not 6
Setting  (1, 4) is not 8
Setting  (1, 4) is not 9
Setting  (1, 5) is not 3
Setting  (1, 5) is not 4
Setting  (1, 5) is not 5
Setting  (1, 5) is not 6
Setting  (1, 5) is not 7
Setting  (1, 5) is not 8
Setting  (1, 5) is not 9
Setting  (1, 6) is not 1
Setting  (1, 6) is not 2
Setting  (1, 6) is not 3
Setting  (1, 6) is not 6
Setting  (1, 6) is not 7
Setting  (1, 6) is not 8
Setting  (1, 6) is not 9
Setting  (1, 7) is not 1
Setting  (1, 7) is not 2
Setting  (1, 7) is not 3
Setting  (1, 7) is not 4
Setting  (1, 7) is not 6
Setting  (1, 7) is not 7
Setting  (1, 7) is not 8
Setting  (1, 7) is not 9
Setting  (1, 8) is not 1
Setting  (1, 8) is not 2
Setting  (1, 8) is not 3
Setting  (1, 8) is not 4
Setting  (1, 8) is not 5
Setting  (1, 8) is not 7
Setting  (1, 8) is not 8
Setting  (1, 8) is not 9
Setting  (1, 9) is not 1
Setting  (1, 9) is not 3
Setting  (1, 9) is not 4
Setting  (1, 9) is not 5
Setting  (1, 9) is not 6
Setting  (1, 9) is not 9
Setting  (2, 1) is not 1
Setting  (2, 1) is not 3
Setting  (2, 1) is not 4
Setting  (2, 1) is not 6
Setting  (2, 1) is not 9
Setting  (2, 2) is not 1
Setting  (2, 2) is not 2
Setting  (2, 2) is not 3
Setting  (2, 2) is not 4
Setting  (2, 2) is not 5
Setting  (2, 2) is not 7
Setting  (2, 2) is not 8
Setting  (2, 2) is not 9
Setting  (2, 3) is not 1
Setting  (2, 3) is not 2
Setting  (2, 3) is not 3
Setting  (2, 3) is not 4
Setting  (2, 3) is not 6
Setting  (2, 3) is not 9
Setting  (2, 4) is not 1
Setting  (2, 4) is not 3
Setting  (2, 4) is not 4
Setting  (2, 4) is not 6
Setting  (2, 4) is not 8
Setting  (2, 5) is not 1
Setting  (2, 5) is not 3
Setting  (2, 5) is not 4
Setting  (2, 5) is not 6
Setting  (2, 5) is not 7
Setting  (2, 5) is not 8
Setting  (2, 6) is not 1
Setting  (2, 6) is not 2
Setting  (2, 6) is not 4
Setting  (2, 6) is not 5
Setting  (2, 6) is not 6
Setting  (2, 6) is not 7
Setting  (2, 6) is not 8
Setting  (2, 6) is not 9
Setting  (2, 7) is not 2
Setting  (2, 7) is not 3
Setting  (2, 7) is not 4
Setting  (2, 7) is not 5
Setting  (2, 7) is not 6
Setting  (2, 7) is not 7
Setting  (2, 7) is not 8
Setting  (2, 7) is not 9
Setting  (2, 8) is not 1
Setting  (2, 8) is not 2
Setting  (2, 8) is not 3
Setting  (2, 8) is not 5
Setting  (2, 8) is not 6
Setting  (2, 8) is not 7
Setting  (2, 8) is not 8
Setting  (2, 8) is not 9
Setting  (2, 9) is not 1
Setting  (2, 9) is not 3
Setting  (2, 9) is not 4
Setting  (2, 9) is not 5
Setting  (2, 9) is not 9
Setting  (3, 1) is not 3
Setting  (3, 1) is not 4
Setting  (3, 1) is not 6
Setting  (3, 1) is not 9
Setting  (3, 2) is not 2
Setting  (3, 2) is not 3
Setting  (3, 2) is not 4
Setting  (3, 2) is not 5
Setting  (3, 2) is not 6
Setting  (3, 2) is not 8
Setting  (3, 2) is not 9
Setting  (3, 3) is not 1
Setting  (3, 3) is not 2
Setting  (3, 3) is not 3
Setting  (3, 3) is not 5
Setting  (3, 3) is not 6
Setting  (3, 3) is not 7
Setting  (3, 3) is not 8
Setting  (3, 3) is not 9
Setting  (3, 4) is not 1
Setting  (3, 4) is not 2
Setting  (3, 4) is not 3
Setting  (3, 4) is not 4
Setting  (3, 4) is not 5
Setting  (3, 4) is not 7
Setting  (3, 4) is not 8
Setting  (3, 4) is not 9
Setting  (3, 5) is not 3
Setting  (3, 5) is not 4
Setting  (3, 5) is not 6
Setting  (3, 5) is not 7
Setting  (3, 5) is not 8
Setting  (3, 5) is not 9
Setting  (3, 6) is not 2
Setting  (3, 6) is not 3
Setting  (3, 6) is not 4
Setting  (3, 6) is not 6
Setting  (3, 6) is not 7
Setting  (3, 6) is not 9
Setting  (3, 7) is not 1
Setting  (3, 7) is not 4
Setting  (3, 7) is not 5
Setting  (3, 7) is not 6
Setting  (3, 7) is not 8
Setting  (3, 7) is not 9
Setting  (3, 8) is not 1
Setting  (3, 8) is not 3
Setting  (3, 8) is not 4
Setting  (3, 8) is not 5
Setting  (3, 8) is not 6
Setting  (3, 8) is not 9
Setting  (3, 9) is not 1
Setting  (3, 9) is not 2
Setting  (3, 9) is not 4
Setting  (3, 9) is not 5
Setting  (3, 9) is not 6
Setting  (3, 9) is not 7
Setting  (3, 9) is not 8
Setting  (4, 1) is not 1
Setting  (4, 1) is not 3
Setting  (4, 1) is not 4
Setting  (4, 1) is not 5
Setting  (4, 1) is not 8
Setting  (4, 2) is not 1
Setting  (4, 2) is not 2
Setting  (4, 2) is not 3
Setting  (4, 2) is not 4
Setting  (4, 2) is not 5
Setting  (4, 2) is not 6
Setting  (4, 2) is not 7
Setting  (4, 2) is not 9
Setting  (4, 3) is not 2
Setting  (4, 3) is not 3
Setting  (4, 3) is not 4
Setting  (4, 3) is not 5
Setting  (4, 3) is not 6
Setting  (4, 3) is not 7
Setting  (4, 3) is not 8
Setting  (4, 3) is not 9
Setting  (4, 4) is not 1
Setting  (4, 4) is not 2
Setting  (4, 4) is not 4
Setting  (4, 4) is not 5
Setting  (4, 4) is not 6
Setting  (4, 4) is not 7
Setting  (4, 4) is not 8
Setting  (4, 4) is not 9
Setting  (4, 5) is not 1
Setting  (4, 5) is not 2
Setting  (4, 5) is not 3
Setting  (4, 5) is not 5
Setting  (4, 5) is not 6
Setting  (4, 5) is not 7
Setting  (4, 5) is not 8
Setting  (4, 5) is not 9
Setting  (4, 6) is not 1
Setting  (4, 6) is not 2
Setting  (4, 6) is not 3
Setting  (4, 6) is not 4
Setting  (4, 6) is not 8
Setting  (4, 7) is not 1
Setting  (4, 7) is not 3
Setting  (4, 7) is not 4
Setting  (4, 7) is not 5
Setting  (4, 7) is not 8
Setting  (4, 7) is not 9
Setting  (4, 8) is not 1
Setting  (4, 8) is not 3
Setting  (4, 8) is not 4
Setting  (4, 8) is not 5
Setting  (4, 8) is not 6
Setting  (4, 8) is not 8
Setting  (4, 8) is not 9
Setting  (4, 9) is not 1
Setting  (4, 9) is not 3
Setting  (4, 9) is not 4
Setting  (4, 9) is not 5
Setting  (4, 9) is not 8
Setting  (4, 9) is not 9
Setting  (5, 1) is not 1
Setting  (5, 1) is not 2
Setting  (5, 1) is not 4
Setting  (5, 1) is not 5
Setting  (5, 1) is not 6
Setting  (5, 1) is not 8
Setting  (5, 1) is not 9
Setting  (5, 2) is not 1
Setting  (5, 2) is not 2
Setting  (5, 2) is not 3
Setting  (5, 2) is not 5
Setting  (5, 2) is not 6
Setting  (5, 2) is not 8
Setting  (5, 2) is not 9
Setting  (5, 3) is not 1
Setting  (5, 3) is not 2
Setting  (5, 3) is not 3
Setting  (5, 3) is not 4
Setting  (5, 3) is not 5
Setting  (5, 3) is not 6
Setting  (5, 3) is not 8
Setting  (5, 3) is not 9
Setting  (5, 4) is not 1
Setting  (5, 4) is not 3
Setting  (5, 4) is not 4
Setting  (5, 4) is not 5
Setting  (5, 4) is not 6
Setting  (5, 4) is not 8
Setting  (5, 4) is not 9
Setting  (5, 5) is not 1
Setting  (5, 5) is not 3
Setting  (5, 5) is not 4
Setting  (5, 5) is not 5
Setting  (5, 5) is not 9
Setting  (5, 6) is not 1
Setting  (5, 6) is not 2
Setting  (5, 6) is not 3
Setting  (5, 6) is not 4
Setting  (5, 6) is not 5
Setting  (5, 6) is not 8
Setting  (5, 6) is not 9
Setting  (5, 7) is not 1
Setting  (5, 7) is not 2
Setting  (5, 7) is not 3
Setting  (5, 7) is not 4
Setting  (5, 7) is not 5
Setting  (5, 7) is not 6
Setting  (5, 7) is not 7
Setting  (5, 7) is not 8
Setting  (5, 8) is not 1
Setting  (5, 8) is not 2
Setting  (5, 8) is not 3
Setting  (5, 8) is not 4
Setting  (5, 8) is not 6
Setting  (5, 8) is not 7
Setting  (5, 8) is not 8
Setting  (5, 8) is not 9
Setting  (5, 9) is not 2
Setting  (5, 9) is not 3
Setting  (5, 9) is not 4
Setting  (5, 9) is not 5
Setting  (5, 9) is not 6
Setting  (5, 9) is not 7
Setting  (5, 9) is not 8
Setting  (5, 9) is not 9
Setting  (6, 1) is not 1
Setting  (6, 1) is not 2
Setting  (6, 1) is not 5
Setting  (6, 1) is not 7
Setting  (6, 1) is not 8
Setting  (6, 1) is not 9
Setting  (6, 2) is not 1
Setting  (6, 2) is not 2
Setting  (6, 2) is not 6
Setting  (6, 2) is not 7
Setting  (6, 2) is not 8
Setting  (6, 2) is not 9
Setting  (6, 3) is not 1
Setting  (6, 3) is not 5
Setting  (6, 3) is not 6
Setting  (6, 3) is not 7
Setting  (6, 3) is not 8
Setting  (6, 4) is not 2
Setting  (6, 4) is not 3
Setting  (6, 4) is not 4
Setting  (6, 4) is not 5
Setting  (6, 4) is not 6
Setting  (6, 4) is not 7
Setting  (6, 5) is not 1
Setting  (6, 5) is not 2
Setting  (6, 5) is not 3
Setting  (6, 5) is not 4
Setting  (6, 5) is not 5
Setting  (6, 5) is not 6
Setting  (6, 5) is not 9
Setting  (6, 6) is not 2
Setting  (6, 6) is not 3
Setting  (6, 6) is not 4
Setting  (6, 6) is not 5
Setting  (6, 6) is not 6
Setting  (6, 6) is not 7
Setting  (6, 7) is not 1
Setting  (6, 7) is not 3
Setting  (6, 7) is not 5
Setting  (6, 7) is not 8
Setting  (6, 7) is not 9
Setting  (6, 8) is not 1
Setting  (6, 8) is not 3
Setting  (6, 8) is not 4
Setting  (6, 8) is not 5
Setting  (6, 8) is not 6
Setting  (6, 8) is not 9
Setting  (6, 9) is not 1
Setting  (6, 9) is not 4
Setting  (6, 9) is not 5
Setting  (6, 9) is not 9
Setting  (7, 1) is not 2
Setting  (7, 1) is not 3
Setting  (7, 1) is not 6
Setting  (7, 1) is not 8
Setting  (7, 2) is not 2
Setting  (7, 2) is not 5
Setting  (7, 2) is not 6
Setting  (7, 2) is not 8
Setting  (7, 2) is not 9
Setting  (7, 3) is not 1
Setting  (7, 3) is not 2
Setting  (7, 3) is not 3
Setting  (7, 3) is not 4
Setting  (7, 3) is not 5
Setting  (7, 3) is not 8
Setting  (7, 3) is not 9
Setting  (7, 4) is not 2
Setting  (7, 4) is not 3
Setting  (7, 4) is not 4
Setting  (7, 4) is not 6
Setting  (7, 4) is not 8
Setting  (7, 4) is not 9
Setting  (7, 5) is not 2
Setting  (7, 5) is not 4
Setting  (7, 5) is not 6
Setting  (7, 5) is not 7
Setting  (7, 5) is not 8
Setting  (7, 5) is not 9
Setting  (7, 6) is not 1
Setting  (7, 6) is not 3
Setting  (7, 6) is not 4
Setting  (7, 6) is not 5
Setting  (7, 6) is not 6
Setting  (7, 6) is not 7
Setting  (7, 6) is not 8
Setting  (7, 6) is not 9
Setting  (7, 7) is not 1
Setting  (7, 7) is not 2
Setting  (7, 7) is not 3
Setting  (7, 7) is not 4
Setting  (7, 7) is not 5
Setting  (7, 7) is not 6
Setting  (7, 7) is not 7
Setting  (7, 7) is not 9
Setting  (7, 8) is not 1
Setting  (7, 8) is not 2
Setting  (7, 8) is not 3
Setting  (7, 8) is not 4
Setting  (7, 8) is not 5
Setting  (7, 8) is not 6
Setting  (7, 8) is not 7
Setting  (7, 8) is not 8
Setting  (7, 9) is not 1
Setting  (7, 9) is not 2
Setting  (7, 9) is not 3
Setting  (7, 9) is not 4
Setting  (7, 9) is not 8
Setting  (7, 9) is not 9
Setting  (8, 1) is not 2
Setting  (8, 1) is not 3
Setting  (8, 1) is not 4
Setting  (8, 1) is not 6
Setting  (8, 2) is not 2
Setting  (8, 2) is not 5
Setting  (8, 2) is not 6
Setting  (8, 2) is not 8
Setting  (8, 2) is not 9
Setting  (8, 3) is not 1
Setting  (8, 3) is not 2
Setting  (8, 3) is not 3
Setting  (8, 3) is not 4
Setting  (8, 3) is not 6
Setting  (8, 3) is not 9
Setting  (8, 4) is not 2
Setting  (8, 4) is not 3
Setting  (8, 4) is not 5
Setting  (8, 4) is not 6
Setting  (8, 4) is not 7
Setting  (8, 4) is not 8
Setting  (8, 4) is not 9
Setting  (8, 5) is not 2
Setting  (8, 5) is not 4
Setting  (8, 5) is not 7
Setting  (8, 5) is not 8
Setting  (8, 6) is not 2
Setting  (8, 6) is not 3
Setting  (8, 6) is not 4
Setting  (8, 6) is not 8
Setting  (8, 7) is not 1
Setting  (8, 7) is not 3
Setting  (8, 7) is not 4
Setting  (8, 7) is not 5
Setting  (8, 7) is not 8
Setting  (8, 7) is not 9
Setting  (8, 8) is not 3
Setting  (8, 8) is not 4
Setting  (8, 8) is not 5
Setting  (8, 8) is not 6
Setting  (8, 8) is not 8
Setting  (8, 8) is not 9
Setting  (8, 9) is not 1
Setting  (8, 9) is not 3
Setting  (8, 9) is not 4
Setting  (8, 9) is not 8
Setting  (8, 9) is not 9
Setting  (9, 1) is not 2
Setting  (9, 1) is not 3
Setting  (9, 1) is not 4
Setting  (9, 1) is not 6
Setting  (9, 1) is not 8
Setting  (9, 2) is not 1
Setting  (9, 2) is not 3
Setting  (9, 2) is not 4
Setting  (9, 2) is not 5
Setting  (9, 2) is not 6
Setting  (9, 2) is not 7
Setting  (9, 2) is not 8
Setting  (9, 2) is not 9
Setting  (9, 3) is not 1
Setting  (9, 3) is not 2
Setting  (9, 3) is not 3
Setting  (9, 3) is not 4
Setting  (9, 3) is not 5
Setting  (9, 3) is not 6
Setting  (9, 3) is not 7
Setting  (9, 3) is not 8
Setting  (9, 4) is not 1
Setting  (9, 4) is not 2
Setting  (9, 4) is not 3
Setting  (9, 4) is not 4
Setting  (9, 4) is not 5
Setting  (9, 4) is not 6
Setting  (9, 4) is not 7
Setting  (9, 4) is not 9
Setting  (9, 5) is not 2
Setting  (9, 5) is not 3
Setting  (9, 5) is not 4
Setting  (9, 5) is not 7
Setting  (9, 5) is not 8
Setting  (9, 5) is not 9
Setting  (9, 6) is not 2
Setting  (9, 6) is not 3
Setting  (9, 6) is not 4
Setting  (9, 6) is not 8
Setting  (9, 6) is not 9
Setting  (9, 7) is not 1
Setting  (9, 7) is not 2
Setting  (9, 7) is not 3
Setting  (9, 7) is not 4
Setting  (9, 7) is not 5
Setting  (9, 7) is not 8
Setting  (9, 7) is not 9
Setting  (9, 8) is not 1
Setting  (9, 8) is not 2
Setting  (9, 8) is not 4
Setting  (9, 8) is not 5
Setting  (9, 8) is not 6
Setting  (9, 8) is not 7
Setting  (9, 8) is not 8
Setting  (9, 8) is not 9
Setting  (9, 9) is not 1
Setting  (9, 9) is not 2
Setting  (9, 9) is not 3
Setting  (9, 9) is not 5
Setting  (9, 9) is not 6
Setting  (9, 9) is not 7
Setting  (9, 9) is not 8
Setting  (9, 9) is not 9
Smallest mus size: 1
Doing some simple deductions: 
Setting  (1, 4) is not 2
Setting  (1, 6) is not 5
Setting  (2, 3) is not 7
Setting  (2, 4) is not 2
Setting  (2, 9) is not 6
Setting  (3, 1) is not 8
Setting  (3, 6) is not 1
Setting  (3, 6) is not 5
Setting  (3, 7) is not 2
Setting  (3, 7) is not 7
Setting  (3, 8) is not 8
Setting  (3, 9) is not 3
Setting  (4, 1) is not 2
Setting  (4, 1) is not 6
Setting  (4, 1) is not 7
Setting  (4, 6) is not 6
Setting  (4, 6) is not 7
Setting  (4, 6) is not 9
Setting  (5, 1) is not 7
Setting  (5, 2) is not 7
Setting  (5, 4) is not 7
Setting  (5, 5) is not 2
Setting  (5, 5) is not 6
Setting  (5, 5) is not 7
Setting  (5, 6) is not 7
Setting  (6, 1) is not 3
Setting  (6, 1) is not 4
Setting  (6, 2) is not 3
Setting  (6, 2) is not 4
Setting  (6, 3) is not 3
Setting  (6, 3) is not 4
Setting  (6, 3) is not 9
Setting  (6, 4) is not 8
Setting  (6, 5) is not 8
Setting  (6, 6) is not 8
Setting  (7, 1) is not 1
Setting  (7, 1) is not 5
Setting  (7, 1) is not 7
Setting  (7, 1) is not 9
Setting  (7, 2) is not 4
Setting  (7, 3) is not 7
Setting  (7, 9) is not 6
Setting  (8, 1) is not 1
Setting  (8, 1) is not 9
Setting  (8, 2) is not 1
Setting  (8, 2) is not 4
Setting  (8, 3) is not 7
Setting  (8, 5) is not 1
Setting  (8, 6) is not 1
Setting  (8, 6) is not 5
Setting  (9, 1) is not 9
Setting  (9, 6) is not 5
Smallest mus size: 1
Doing some simple deductions: 
Setting  (8, 6) is not 6
Setting  (9, 6) is not 6
Smallest mus size: 3
Setting  (6, 7) is not 6
Smallest mus size: 3
Setting  (6, 9) is not 6
Smallest mus size: 3
Setting  (6, 9) is not 8
Smallest mus size: 3
Setting  (7, 4) is not 7
Smallest mus size: 4
Setting  (6, 7) is not 2
Smallest mus size: 4
Setting  (6, 7) is not 7
Smallest mus size: 4
Setting  (6, 9) is not 2
Smallest mus size: 4
Setting  (6, 9) is not 7
Smallest mus size: 5
Setting  (6, 8) is not 2
Smallest mus size: 5
Setting  (6, 8) is not 7
Smallest mus size: 5
Setting  (8, 1) is not 5
Smallest mus size: 5
Setting  (8, 8) is not 2
Smallest mus size: 5
Setting  (8, 8) is not 7
Smallest mus size: 6
Setting  (8, 5) is not 5
Smallest mus size: 8
Setting  (7, 2) is not 1
Smallest mus size: 2
Setting  (1, 1) is not 1
Smallest mus size: 3
Setting  (3, 5) is not 1
Smallest mus size: 3
Setting  (9, 6) is not 1
Smallest mus size: 2
Setting  (9, 7) is not 7
Smallest mus size: 4
Setting  (8, 5) is not 3
Smallest mus size: 10
Setting  (4, 7) is not 6
Smallest mus size: 1
Doing some simple deductions: 
Setting  (4, 9) is 6
Smallest mus size: 1
Doing some simple deductions: 
Setting  (4, 9) is not 2
Setting  (4, 9) is not 7
Setting  (8, 9) is not 6
Smallest mus size: 10
Setting  (8, 4) is not 1
Smallest mus size: 12
Setting  (3, 1) is not 1
Smallest mus size: 1
Doing some simple deductions: 
Setting  (8, 2) is 3
Setting  (9, 1) is 1
Smallest mus size: 1
Doing some simple deductions: 
Setting  (7, 2) is not 3
Setting  (8, 2) is not 7
Setting  (9, 1) is not 5
Setting  (9, 5) is not 1
Smallest mus size: 1
Doing some simple deductions: 
Setting  (3, 2) is 1
Setting  (7, 2) is 7
Setting  (7, 5) is 3
Smallest mus size: 1
Doing some simple deductions: 
Setting  (3, 2) is not 7
Setting  (7, 5) is not 1
Setting  (7, 9) is not 7
Smallest mus size: 1
Doing some simple deductions: 
Setting  (7, 4) is 1
Smallest mus size: 1
Doing some simple deductions: 
Setting  (1, 4) is not 1
Setting  (6, 4) is not 1
Setting  (7, 4) is not 5
Smallest mus size: 1
Doing some simple deductions: 
Setting  (1, 4) is 7
Setting  (1, 5) is 1
Setting  (6, 4) is 9
Setting  (6, 6) is 1
Smallest mus size: 1
Doing some simple deductions: 
Setting  (1, 1) is not 7
Setting  (1, 5) is not 2
Setting  (1, 9) is not 7
Setting  (2, 4) is not 7
Setting  (2, 4) is not 9
Setting  (6, 6) is not 9
Smallest mus size: 1
Doing some simple deductions: 
Setting  (2, 4) is 5
Setting  (2, 5) is 9
Smallest mus size: 1
Doing some simple deductions: 
Setting  (2, 1) is not 5
Setting  (2, 3) is not 5
Setting  (2, 5) is not 2
Setting  (2, 5) is not 5
Setting  (3, 5) is not 5
Setting  (8, 5) is not 9
Smallest mus size: 1
Doing some simple deductions: 
Setting  (2, 3) is 8
Setting  (3, 1) is 5
Setting  (3, 5) is 2
Smallest mus size: 1
Doing some simple deductions: 
Setting  (1, 1) is not 8
Setting  (2, 1) is not 8
Setting  (2, 9) is not 8
Setting  (8, 3) is not 8
Smallest mus size: 1
Doing some simple deductions: 
Setting  (1, 1) is 2
Setting  (1, 9) is 8
Setting  (3, 8) is not 2
Smallest mus size: 1
Doing some simple deductions: 
Setting  (1, 9) is not 2
Setting  (2, 1) is not 2
Setting  (3, 1) is not 2
Smallest mus size: 1
Doing some simple deductions: 
Setting  (2, 9) is 2
Smallest mus size: 1
Doing some simple deductions: 
Setting  (2, 9) is not 7
Setting  (8, 9) is not 2
Smallest mus size: 1
Doing some simple deductions: 
Setting  (2, 1) is 7
Smallest mus size: 1
Doing some simple deductions: 
Setting  (3, 1) is not 7
Setting  (8, 1) is not 7
Setting  (9, 1) is not 7
Smallest mus size: 1
Doing some simple deductions: 
Setting  (3, 8) is 7
Smallest mus size: 1
Doing some simple deductions: 
Setting  (4, 8) is not 7
Smallest mus size: 1
Doing some simple deductions: 
Setting  (4, 7) is 7
Setting  (4, 8) is 2
Smallest mus size: 1
Doing some simple deductions: 
Setting  (8, 7) is not 7
Smallest mus size: 1
Doing some simple deductions: 
Setting  (4, 7) is not 2
Smallest mus size: 1
Doing some simple deductions: 
Setting  (7, 9) is 5
Setting  (8, 1) is 8
Setting  (8, 6) is 9
Setting  (8, 7) is 2
Setting  (8, 9) is 7
Setting  (9, 6) is 7
Smallest mus size: 1
Doing some simple deductions: 
Setting  (8, 6) is not 7
Smallest mus size: 1
Doing some simple deductions: 
Setting  (7, 5) is not 5
Setting  (8, 3) is 5
Setting  (8, 7) is not 6
Setting  (8, 9) is not 5
Smallest mus size: 1
Doing some simple deductions: 
Setting  (8, 5) is 6
Setting  (9, 5) is 5
Setting  (9, 7) is 6
Smallest mus size: 1
Doing some simple deductions: 
Setting  (9, 5) is not 6
